{
  "version": "1.5.0",
  "plugins_used": [
    {
      "name": "ArtifactoryDetector"
    },
    {
      "name": "AWSKeyDetector"
    },
    {
      "name": "AzureStorageKeyDetector"
    },
    {
      "name": "Base64HighEntropyString",
      "limit": 4.5
    },
    {
      "name": "BasicAuthDetector"
    },
    {
      "name": "CloudantDetector"
    },
    {
      "name": "DiscordBotTokenDetector"
    },
    {
      "name": "GitHubTokenDetector"
    },
    {
      "name": "GitLabTokenDetector"
    },
    {
      "name": "HexHighEntropyString",
      "limit": 3.0
    },
    {
      "name": "IbmCloudIamDetector"
    },
    {
      "name": "IbmCosHmacDetector"
    },
    {
      "name": "IPPublicDetector"
    },
    {
      "name": "JwtTokenDetector"
    },
    {
      "name": "KeywordDetector",
      "keyword_exclude": ""
    },
    {
      "name": "MailchimpDetector"
    },
    {
      "name": "NpmDetector"
    },
    {
      "name": "OpenAIDetector"
    },
    {
      "name": "PrivateKeyDetector"
    },
    {
      "name": "PypiTokenDetector"
    },
    {
      "name": "SendGridDetector"
    },
    {
      "name": "SlackDetector"
    },
    {
      "name": "SoftlayerDetector"
    },
    {
      "name": "SquareOAuthDetector"
    },
    {
      "name": "StripeDetector"
    },
    {
      "name": "TelegramBotTokenDetector"
    },
    {
      "name": "TwilioKeyDetector"
    }
  ],
  "filters_used": [
    {
      "path": "detect_secrets.filters.allowlist.is_line_allowlisted"
    },
    {
      "path": "detect_secrets.filters.common.is_ignored_due_to_verification_policies",
      "min_level": 2
    },
    {
      "path": "detect_secrets.filters.heuristic.is_indirect_reference"
    },
    {
      "path": "detect_secrets.filters.heuristic.is_likely_id_string"
    },
    {
      "path": "detect_secrets.filters.heuristic.is_lock_file"
    },
    {
      "path": "detect_secrets.filters.heuristic.is_not_alphanumeric_string"
    },
    {
      "path": "detect_secrets.filters.heuristic.is_potential_uuid"
    },
    {
      "path": "detect_secrets.filters.heuristic.is_prefixed_with_dollar_sign"
    },
    {
      "path": "detect_secrets.filters.heuristic.is_sequential_string"
    },
    {
      "path": "detect_secrets.filters.heuristic.is_swagger_file"
    },
    {
      "path": "detect_secrets.filters.heuristic.is_templated_secret"
    },
    {
      "path": "detect_secrets.filters.regex.should_exclude_file",
      "pattern": [
        "keys\\.env"
      ]
    }
  ],
  "results": {
    "configs/litellm-config.yaml": [
      {
        "type": "Secret Keyword",
        "filename": "configs/litellm-config.yaml",
        "hashed_secret": "22ac8907349cb894439bc337446bc319391f960b",
        "is_verified": false,
        "line_number": 20
      },
      {
        "type": "Secret Keyword",
        "filename": "configs/litellm-config.yaml",
        "hashed_secret": "3d80bd01f8848478265190f8650bc10acab03338",
        "is_verified": false,
        "line_number": 24
      },
      {
        "type": "Secret Keyword",
        "filename": "configs/litellm-config.yaml",
        "hashed_secret": "f9356116a8c4fbd3fb1ace4f028b6cbba990e1b5",
        "is_verified": false,
        "line_number": 28
      },
      {
        "type": "Secret Keyword",
        "filename": "configs/litellm-config.yaml",
        "hashed_secret": "02a6758222c5b7d42b78c632e49943585c2badd7",
        "is_verified": false,
        "line_number": 32
      },
      {
        "type": "Secret Keyword",
        "filename": "configs/litellm-config.yaml",
        "hashed_secret": "284f685573fd98596a468eecbfc5e182f1f3d413",
        "is_verified": false,
        "line_number": 36
      },
      {
        "type": "Secret Keyword",
        "filename": "configs/litellm-config.yaml",
        "hashed_secret": "09046f167b940966a2470e8ebc41058d4f1ba343",
        "is_verified": false,
        "line_number": 41
      }
    ],
    "configs/r2-config.yaml": [
      {
        "type": "Secret Keyword",
        "filename": "configs/r2-config.yaml",
        "hashed_secret": "4fd8c54f587f0cb68342170ce269867322bb12ad",
        "is_verified": false,
        "line_number": 20
      }
    ],
    "configs/ruflo-sidecar.json": [
      {
        "type": "Secret Keyword",
        "filename": "configs/ruflo-sidecar.json",
        "hashed_secret": "a286a716b98eeba031ba21ad0c66e7c6eefc46e6",
        "is_verified": false,
        "line_number": 5
      }
    ],
    "plugins/code-intelligence/tests/types.test.ts": [
      {
        "type": "Secret Keyword",
        "filename": "plugins/code-intelligence/tests/types.test.ts",
        "hashed_secret": "18a40268350815c323ad3b0a538bd37dc8625500",
        "is_verified": false,
        "line_number": 506
      },
      {
        "type": "Base64 High Entropy String",
        "filename": "plugins/code-intelligence/tests/types.test.ts",
        "hashed_secret": "a22a343f55089382a1254011e038ee28a33b3159",
        "is_verified": false,
        "line_number": 514
      },
      {
        "type": "Secret Keyword",
        "filename": "plugins/code-intelligence/tests/types.test.ts",
        "hashed_secret": "a22a343f55089382a1254011e038ee28a33b3159",
        "is_verified": false,
        "line_number": 514
      },
      {
        "type": "Base64 High Entropy String",
        "filename": "plugins/code-intelligence/tests/types.test.ts",
        "hashed_secret": "e6aa9dc072fcb9dbe42761f25c976143c39d3deb",
        "is_verified": false,
        "line_number": 520
      },
      {
        "type": "AWS Access Key",
        "filename": "plugins/code-intelligence/tests/types.test.ts",
        "hashed_secret": "25910f981e85ca04baf359199dd0bd4a3ae738b6",
        "is_verified": false,
        "line_number": 526
      },
      {
        "type": "Private Key",
        "filename": "plugins/code-intelligence/tests/types.test.ts",
        "hashed_secret": "be4fc4886bd949b369d5e092eb87494f12e57e5b",
        "is_verified": false,
        "line_number": 532
      }
    ],
    "scripts/manage-keys.sh": [
      {
        "type": "Secret Keyword",
        "filename": "scripts/manage-keys.sh",
        "hashed_secret": "6014c06eb0704c94e4bbbd0ec64eb7ea2dda6600",
        "is_verified": false,
        "line_number": 34
      },
      {
        "type": "Secret Keyword",
        "filename": "scripts/manage-keys.sh",
        "hashed_secret": "aa8f5f2f3e9565e0e98995d3d623e6abc24af5de",
        "is_verified": false,
        "line_number": 35
      },
      {
        "type": "Secret Keyword",
        "filename": "scripts/manage-keys.sh",
        "hashed_secret": "4cd538440d72a7a6ffb69b4edd284f90f1ac2aa9",
        "is_verified": false,
        "line_number": 37
      }
    ],
    "systemd/weekly-insights.service": [
      {
        "type": "Base64 High Entropy String",
        "filename": "systemd/weekly-insights.service",
        "hashed_secret": "2050bea0a27875cacac3960983877e002f3b10f0",
        "is_verified": false,
        "line_number": 9
      }
    ],
    "tests/test_archive_logs.py": [
      {
        "type": "Secret Keyword",
        "filename": "tests/test_archive_logs.py",
        "hashed_secret": "4fd8c54f587f0cb68342170ce269867322bb12ad",
        "is_verified": false,
        "line_number": 45
      },
      {
        "type": "Secret Keyword",
        "filename": "tests/test_archive_logs.py",
        "hashed_secret": "e9fe51f94eadabf54dbf2fbbd57188b9abee436e",
        "is_verified": false,
        "line_number": 306
      }
    ],
    "tests/test_config.py": [
      {
        "type": "Base64 High Entropy String",
        "filename": "tests/test_config.py",
        "hashed_secret": "d0431fc91d1dc1afdc8d16837bb3cf8bbe10a14a",
        "is_verified": false,
        "line_number": 152
      },
      {
        "type": "Base64 High Entropy String",
        "filename": "tests/test_config.py",
        "hashed_secret": "3c0a5a48808ade701aaa55aceaac330fbdb2f49f",
        "is_verified": false,
        "line_number": 175
      }
    ],
    "tests/test_dashboard_keys_tab.py": [
      {
        "type": "Secret Keyword",
        "filename": "tests/test_dashboard_keys_tab.py",
        "hashed_secret": "65c10dc3549fe07424148a8a4790a3341ecbc253",
        "is_verified": false,
        "line_number": 29
      },
      {
        "type": "Secret Keyword",
        "filename": "tests/test_dashboard_keys_tab.py",
        "hashed_secret": "5a013c49508291c6816ac388f93a2c11973086ed",
        "is_verified": false,
        "line_number": 43
      }
    ],
    "tests/test_inputvalidator.py": [
      {
        "type": "Hex High Entropy String",
        "filename": "tests/test_inputvalidator.py",
        "hashed_secret": "244f421f896bdcdd2784dccf4eaf7c8dfd5189b5",
        "is_verified": false,
        "line_number": 36
      },
      {
        "type": "GitHub Token",
        "filename": "tests/test_inputvalidator.py",
        "hashed_secret": "e175c6f5f2a92e8623bd9a4820edb4e8c1b0fd10",
        "is_verified": false,
        "line_number": 151
      },
      {
        "type": "JSON Web Token",
        "filename": "tests/test_inputvalidator.py",
        "hashed_secret": "7c5b0176229acbac39453a72c65f093379fab463",
        "is_verified": false,
        "line_number": 163
      }
    ],
    "tests/test_key_manager.py": [
      {
        "type": "Secret Keyword",
        "filename": "tests/test_key_manager.py",
        "hashed_secret": "65c10dc3549fe07424148a8a4790a3341ecbc253",
        "is_verified": false,
        "line_number": 40
      },
      {
        "type": "Secret Keyword",
        "filename": "tests/test_key_manager.py",
        "hashed_secret": "5a013c49508291c6816ac388f93a2c11973086ed",
        "is_verified": false,
        "line_number": 50
      },
      {
        "type": "Secret Keyword",
        "filename": "tests/test_key_manager.py",
        "hashed_secret": "bddf86a54836cb2e57b19d7c75dcae4b6deb6fed",
        "is_verified": false,
        "line_number": 95
      },
      {
        "type": "Secret Keyword",
        "filename": "tests/test_key_manager.py",
        "hashed_secret": "98649a0e509a60539b50fb7e24c4691a93ee5259",
        "is_verified": false,
        "line_number": 223
      },
      {
        "type": "Secret Keyword",
        "filename": "tests/test_key_manager.py",
        "hashed_secret": "5533e714e9a2c31fb5930893502150ae4e307236",
        "is_verified": false,
        "line_number": 325
      }
    ],
    "tests/test_knowledge_storage.py": [
      {
        "type": "Base64 High Entropy String",
        "filename": "tests/test_knowledge_storage.py",
        "hashed_secret": "d80c8e9bbd4fda88f865427ac7fa09e0955a027c",
        "is_verified": false,
        "line_number": 88
      }
    ],
    "tests/test_log_pipeline.py": [
      {
        "type": "Secret Keyword",
        "filename": "tests/test_log_pipeline.py",
        "hashed_secret": "4fd8c54f587f0cb68342170ce269867322bb12ad",
        "is_verified": false,
        "line_number": 63
      }
    ],
    "tests/test_mcp_tools.py": [
      {
        "type": "Secret Keyword",
        "filename": "tests/test_mcp_tools.py",
        "hashed_secret": "3104664fee81e83c6396da66328c4c7eb2db4cc8",
        "is_verified": false,
        "line_number": 243
      }
    ],
    "tests/test_phase14_freshness.py": [
      {
        "type": "Secret Keyword",
        "filename": "tests/test_phase14_freshness.py",
        "hashed_secret": "65c10dc3549fe07424148a8a4790a3341ecbc253",
        "is_verified": false,
        "line_number": 51
      }
    ],
    "tests/test_playbooks.py": [
      {
        "type": "Hex High Entropy String",
        "filename": "tests/test_playbooks.py",
        "hashed_secret": "90bd1b48e958257948487b90bee080ba5ed00caa",
        "is_verified": false,
        "line_number": 219
      },
      {
        "type": "Hex High Entropy String",
        "filename": "tests/test_playbooks.py",
        "hashed_secret": "ddac9d88c224b59388ab6552b5531130c71e0264",
        "is_verified": false,
        "line_number": 242
      }
    ],
    "tests/test_query.py": [
      {
        "type": "Hex High Entropy String",
        "filename": "tests/test_query.py",
        "hashed_secret": "90bd1b48e958257948487b90bee080ba5ed00caa",
        "is_verified": false,
        "line_number": 48
      },
      {
        "type": "Hex High Entropy String",
        "filename": "tests/test_query.py",
        "hashed_secret": "ddac9d88c224b59388ab6552b5531130c71e0264",
        "is_verified": false,
        "line_number": 364
      }
    ],
    "tests/test_query_edge_cases.py": [
      {
        "type": "Secret Keyword",
        "filename": "tests/test_query_edge_cases.py",
        "hashed_secret": "3acfb2c2b433c0ea7ff107e33df91b18e52f960f",
        "is_verified": false,
        "line_number": 97
      },
      {
        "type": "Hex High Entropy String",
        "filename": "tests/test_query_edge_cases.py",
        "hashed_secret": "90bd1b48e958257948487b90bee080ba5ed00caa",
        "is_verified": false,
        "line_number": 238
      }
    ],
    "tests/test_rag_rerank.py": [
      {
        "type": "Secret Keyword",
        "filename": "tests/test_rag_rerank.py",
        "hashed_secret": "3acfb2c2b433c0ea7ff107e33df91b18e52f960f",
        "is_verified": false,
        "line_number": 62
      }
    ],
    "tests/test_router.py": [
      {
        "type": "Secret Keyword",
        "filename": "tests/test_router.py",
        "hashed_secret": "e9b4dce312643ee0e1bd0561a50d9d5a7e5a2be1",
        "is_verified": false,
        "line_number": 40
      }
    ],
    "tests/test_router_async.py": [
      {
        "type": "Secret Keyword",
        "filename": "tests/test_router_async.py",
        "hashed_secret": "e9b4dce312643ee0e1bd0561a50d9d5a7e5a2be1",
        "is_verified": false,
        "line_number": 29
      }
    ],
    "tests/test_router_compat.py": [
      {
        "type": "Secret Keyword",
        "filename": "tests/test_router_compat.py",
        "hashed_secret": "e9b4dce312643ee0e1bd0561a50d9d5a7e5a2be1",
        "is_verified": false,
        "line_number": 36
      }
    ],
    "tests/test_router_edge_cases.py": [
      {
        "type": "Secret Keyword",
        "filename": "tests/test_router_edge_cases.py",
        "hashed_secret": "a94a8fe5ccb19ba61c4c0873d391e987982fbbd3",
        "is_verified": false,
        "line_number": 69
      }
    ],
    "tests/test_router_v2.py": [
      {
        "type": "Secret Keyword",
        "filename": "tests/test_router_v2.py",
        "hashed_secret": "e9b4dce312643ee0e1bd0561a50d9d5a7e5a2be1",
        "is_verified": false,
        "line_number": 31
      }
    ]
  },
  "generated_at": "2026-04-04T17:26:16Z"
}
